// Jest Snapshot v1, https://goo.gl/fbAQLP

exports[`Renders without crashing 1`] = `
<p>
  Welcome. Insert your credentials to log in.
  <button>
    Click here to log in
  </button>
</p>
`;
